// Jest Snapshot v1, https://goo.gl/fbAQLP

exports[`renders mainpage without crashing 1`] = `
<div
  className="tc"
>
  <h1
    className="f2"
  >
    Robofriends
  </h1>
  <div
    className="pa2"
  >
    <input
      aria-label="Search Robots"
      className="pa3 ba b--green bg-lightest-blue"
      placeholder="Search Robots"
      type="search"
    />
  </div>
  <div
    style={
      Object {
        "border": "5px solid black",
        "height": "600px",
        "overflowY": "scroll",
      }
    }
  >
    <div />
  </div>
</div>
`;
